  Determining projects to restore...
  All projects are up-to-date for restore.
  eClaims.Core -> C:\Darwin_github\ArchitectAssignment\eClaims.Core\bin\Debug\net9.0\eClaims.Core.dll
  eClaims.Infrastructure -> C:\Darwin_github\ArchitectAssignment\eClaims.Infrastructure\bin\Debug\net9.0\eClaims.Infrastructure.dll
C:\Darwin_github\ArchitectAssignment\eClaims.Web\Models\AccountViewModels.cs(20,23): warning CS8618: Non-nullable property 'Email' must contain a non-null value when exiting constructor. Consider adding the 'required' modifier or declaring the property as nullable. [C:\Darwin_github\ArchitectAssignment\eClaims.Web\eClaims.Web.csproj]
C:\Darwin_github\ArchitectAssignment\eClaims.Web\Models\AccountViewModels.cs(24,23): warning CS8618: Non-nullable property 'Password' must contain a non-null value when exiting constructor. Consider adding the 'required' modifier or declaring the property as nullable. [C:\Darwin_github\ArchitectAssignment\eClaims.Web\eClaims.Web.csproj]
C:\Darwin_github\ArchitectAssignment\eClaims.Web\Models\AccountViewModels.cs(29,23): warning CS8618: Non-nullable property 'ConfirmPassword' must contain a non-null value when exiting constructor. Consider adding the 'required' modifier or declaring the property as nullable. [C:\Darwin_github\ArchitectAssignment\eClaims.Web\eClaims.Web.csproj]
C:\Darwin_github\ArchitectAssignment\eClaims.Web\Models\AccountViewModels.cs(9,23): warning CS8618: Non-nullable property 'Email' must contain a non-null value when exiting constructor. Consider adding the 'required' modifier or declaring the property as nullable. [C:\Darwin_github\ArchitectAssignment\eClaims.Web\eClaims.Web.csproj]
C:\Darwin_github\ArchitectAssignment\eClaims.Web\Models\AccountViewModels.cs(13,23): warning CS8618: Non-nullable property 'Password' must contain a non-null value when exiting constructor. Consider adding the 'required' modifier or declaring the property as nullable. [C:\Darwin_github\ArchitectAssignment\eClaims.Web\eClaims.Web.csproj]
C:\Darwin_github\ArchitectAssignment\eClaims.Web\Controllers\AccountController.cs(36,43): error CS0104: 'Claim' is an ambiguous reference between 'System.Security.Claims.Claim' and 'eClaims.Core.Entities.Claim' [C:\Darwin_github\ArchitectAssignment\eClaims.Web\eClaims.Web.csproj]
C:\Darwin_github\ArchitectAssignment\eClaims.Web\Controllers\AccountController.cs(38,29): error CS0104: 'Claim' is an ambiguous reference between 'System.Security.Claims.Claim' and 'eClaims.Core.Entities.Claim' [C:\Darwin_github\ArchitectAssignment\eClaims.Web\eClaims.Web.csproj]
C:\Darwin_github\ArchitectAssignment\eClaims.Web\Controllers\AccountController.cs(39,29): error CS0104: 'Claim' is an ambiguous reference between 'System.Security.Claims.Claim' and 'eClaims.Core.Entities.Claim' [C:\Darwin_github\ArchitectAssignment\eClaims.Web\eClaims.Web.csproj]
C:\Darwin_github\ArchitectAssignment\eClaims.Web\Controllers\AccountController.cs(40,29): error CS0104: 'Claim' is an ambiguous reference between 'System.Security.Claims.Claim' and 'eClaims.Core.Entities.Claim' [C:\Darwin_github\ArchitectAssignment\eClaims.Web\eClaims.Web.csproj]
C:\Darwin_github\ArchitectAssignment\eClaims.Web\Controllers\AccountController.cs(43,61): error CS1503: Argument 1: cannot convert from 'System.Collections.Generic.List<System.Security.Claims.Claim>' to 'System.Collections.Generic.IEnumerable<System.Security.Claims.Claim>?' [C:\Darwin_github\ArchitectAssignment\eClaims.Web\eClaims.Web.csproj]
C:\Darwin_github\ArchitectAssignment\eClaims.Web\Controllers\AccountController.cs(84,39): error CS0104: 'Claim' is an ambiguous reference between 'System.Security.Claims.Claim' and 'eClaims.Core.Entities.Claim' [C:\Darwin_github\ArchitectAssignment\eClaims.Web\eClaims.Web.csproj]
C:\Darwin_github\ArchitectAssignment\eClaims.Web\Controllers\AccountController.cs(86,25): error CS0104: 'Claim' is an ambiguous reference between 'System.Security.Claims.Claim' and 'eClaims.Core.Entities.Claim' [C:\Darwin_github\ArchitectAssignment\eClaims.Web\eClaims.Web.csproj]
C:\Darwin_github\ArchitectAssignment\eClaims.Web\Controllers\AccountController.cs(87,25): error CS0104: 'Claim' is an ambiguous reference between 'System.Security.Claims.Claim' and 'eClaims.Core.Entities.Claim' [C:\Darwin_github\ArchitectAssignment\eClaims.Web\eClaims.Web.csproj]
C:\Darwin_github\ArchitectAssignment\eClaims.Web\Controllers\AccountController.cs(88,25): error CS0104: 'Claim' is an ambiguous reference between 'System.Security.Claims.Claim' and 'eClaims.Core.Entities.Claim' [C:\Darwin_github\ArchitectAssignment\eClaims.Web\eClaims.Web.csproj]
C:\Darwin_github\ArchitectAssignment\eClaims.Web\Controllers\AccountController.cs(91,57): error CS1503: Argument 1: cannot convert from 'System.Collections.Generic.List<System.Security.Claims.Claim>' to 'System.Collections.Generic.IEnumerable<System.Security.Claims.Claim>?' [C:\Darwin_github\ArchitectAssignment\eClaims.Web\eClaims.Web.csproj]
C:\Darwin_github\ArchitectAssignment\eClaims.Web\Views\Shared\_Layout.cshtml(27,30): warning CS8602: Dereference of a possibly null reference. [C:\Darwin_github\ArchitectAssignment\eClaims.Web\eClaims.Web.csproj]

Build FAILED.

C:\Darwin_github\ArchitectAssignment\eClaims.Web\Models\AccountViewModels.cs(20,23): warning CS8618: Non-nullable property 'Email' must contain a non-null value when exiting constructor. Consider adding the 'required' modifier or declaring the property as nullable. [C:\Darwin_github\ArchitectAssignment\eClaims.Web\eClaims.Web.csproj]
C:\Darwin_github\ArchitectAssignment\eClaims.Web\Models\AccountViewModels.cs(24,23): warning CS8618: Non-nullable property 'Password' must contain a non-null value when exiting constructor. Consider adding the 'required' modifier or declaring the property as nullable. [C:\Darwin_github\ArchitectAssignment\eClaims.Web\eClaims.Web.csproj]
C:\Darwin_github\ArchitectAssignment\eClaims.Web\Models\AccountViewModels.cs(29,23): warning CS8618: Non-nullable property 'ConfirmPassword' must contain a non-null value when exiting constructor. Consider adding the 'required' modifier or declaring the property as nullable. [C:\Darwin_github\ArchitectAssignment\eClaims.Web\eClaims.Web.csproj]
C:\Darwin_github\ArchitectAssignment\eClaims.Web\Models\AccountViewModels.cs(9,23): warning CS8618: Non-nullable property 'Email' must contain a non-null value when exiting constructor. Consider adding the 'required' modifier or declaring the property as nullable. [C:\Darwin_github\ArchitectAssignment\eClaims.Web\eClaims.Web.csproj]
C:\Darwin_github\ArchitectAssignment\eClaims.Web\Models\AccountViewModels.cs(13,23): warning CS8618: Non-nullable property 'Password' must contain a non-null value when exiting constructor. Consider adding the 'required' modifier or declaring the property as nullable. [C:\Darwin_github\ArchitectAssignment\eClaims.Web\eClaims.Web.csproj]
C:\Darwin_github\ArchitectAssignment\eClaims.Web\Views\Shared\_Layout.cshtml(27,30): warning CS8602: Dereference of a possibly null reference. [C:\Darwin_github\ArchitectAssignment\eClaims.Web\eClaims.Web.csproj]
C:\Darwin_github\ArchitectAssignment\eClaims.Web\Controllers\AccountController.cs(36,43): error CS0104: 'Claim' is an ambiguous reference between 'System.Security.Claims.Claim' and 'eClaims.Core.Entities.Claim' [C:\Darwin_github\ArchitectAssignment\eClaims.Web\eClaims.Web.csproj]
C:\Darwin_github\ArchitectAssignment\eClaims.Web\Controllers\AccountController.cs(38,29): error CS0104: 'Claim' is an ambiguous reference between 'System.Security.Claims.Claim' and 'eClaims.Core.Entities.Claim' [C:\Darwin_github\ArchitectAssignment\eClaims.Web\eClaims.Web.csproj]
C:\Darwin_github\ArchitectAssignment\eClaims.Web\Controllers\AccountController.cs(39,29): error CS0104: 'Claim' is an ambiguous reference between 'System.Security.Claims.Claim' and 'eClaims.Core.Entities.Claim' [C:\Darwin_github\ArchitectAssignment\eClaims.Web\eClaims.Web.csproj]
C:\Darwin_github\ArchitectAssignment\eClaims.Web\Controllers\AccountController.cs(40,29): error CS0104: 'Claim' is an ambiguous reference between 'System.Security.Claims.Claim' and 'eClaims.Core.Entities.Claim' [C:\Darwin_github\ArchitectAssignment\eClaims.Web\eClaims.Web.csproj]
C:\Darwin_github\ArchitectAssignment\eClaims.Web\Controllers\AccountController.cs(43,61): error CS1503: Argument 1: cannot convert from 'System.Collections.Generic.List<System.Security.Claims.Claim>' to 'System.Collections.Generic.IEnumerable<System.Security.Claims.Claim>?' [C:\Darwin_github\ArchitectAssignment\eClaims.Web\eClaims.Web.csproj]
C:\Darwin_github\ArchitectAssignment\eClaims.Web\Controllers\AccountController.cs(84,39): error CS0104: 'Claim' is an ambiguous reference between 'System.Security.Claims.Claim' and 'eClaims.Core.Entities.Claim' [C:\Darwin_github\ArchitectAssignment\eClaims.Web\eClaims.Web.csproj]
C:\Darwin_github\ArchitectAssignment\eClaims.Web\Controllers\AccountController.cs(86,25): error CS0104: 'Claim' is an ambiguous reference between 'System.Security.Claims.Claim' and 'eClaims.Core.Entities.Claim' [C:\Darwin_github\ArchitectAssignment\eClaims.Web\eClaims.Web.csproj]
C:\Darwin_github\ArchitectAssignment\eClaims.Web\Controllers\AccountController.cs(87,25): error CS0104: 'Claim' is an ambiguous reference between 'System.Security.Claims.Claim' and 'eClaims.Core.Entities.Claim' [C:\Darwin_github\ArchitectAssignment\eClaims.Web\eClaims.Web.csproj]
C:\Darwin_github\ArchitectAssignment\eClaims.Web\Controllers\AccountController.cs(88,25): error CS0104: 'Claim' is an ambiguous reference between 'System.Security.Claims.Claim' and 'eClaims.Core.Entities.Claim' [C:\Darwin_github\ArchitectAssignment\eClaims.Web\eClaims.Web.csproj]
C:\Darwin_github\ArchitectAssignment\eClaims.Web\Controllers\AccountController.cs(91,57): error CS1503: Argument 1: cannot convert from 'System.Collections.Generic.List<System.Security.Claims.Claim>' to 'System.Collections.Generic.IEnumerable<System.Security.Claims.Claim>?' [C:\Darwin_github\ArchitectAssignment\eClaims.Web\eClaims.Web.csproj]
    6 Warning(s)
    10 Error(s)

Time Elapsed 00:00:01.91
