  Determining projects to restore...
  All projects are up-to-date for restore.
  eClaims.Core -> C:\Darwin_github\ArchitectAssignment\eClaims.Core\bin\Debug\net9.0\eClaims.Core.dll
C:\Darwin_github\ArchitectAssignment\eClaims.Infrastructure\Data\ClaimContext.cs(2,28): error CS0234: The type or namespace name 'Options' does not exist in the namespace 'Microsoft.Extensions' (are you missing an assembly reference?) [C:\Darwin_github\ArchitectAssignment\eClaims.Infrastructure\eClaims.Infrastructure.csproj]
C:\Darwin_github\ArchitectAssignment\eClaims.Infrastructure\Repositories\Repository.cs(5,28): error CS0234: The type or namespace name 'Options' does not exist in the namespace 'Microsoft.Extensions' (are you missing an assembly reference?) [C:\Darwin_github\ArchitectAssignment\eClaims.Infrastructure\eClaims.Infrastructure.csproj]
C:\Darwin_github\ArchitectAssignment\eClaims.Infrastructure\Data\ClaimContext.cs(11,29): error CS0246: The type or namespace name 'IOptions<>' could not be found (are you missing a using directive or an assembly reference?) [C:\Darwin_github\ArchitectAssignment\eClaims.Infrastructure\eClaims.Infrastructure.csproj]
C:\Darwin_github\ArchitectAssignment\eClaims.Infrastructure\Repositories\Repository.cs(14,27): error CS0246: The type or namespace name 'IOptions<>' could not be found (are you missing a using directive or an assembly reference?) [C:\Darwin_github\ArchitectAssignment\eClaims.Infrastructure\eClaims.Infrastructure.csproj]

Build FAILED.

C:\Darwin_github\ArchitectAssignment\eClaims.Infrastructure\Data\ClaimContext.cs(2,28): error CS0234: The type or namespace name 'Options' does not exist in the namespace 'Microsoft.Extensions' (are you missing an assembly reference?) [C:\Darwin_github\ArchitectAssignment\eClaims.Infrastructure\eClaims.Infrastructure.csproj]
C:\Darwin_github\ArchitectAssignment\eClaims.Infrastructure\Repositories\Repository.cs(5,28): error CS0234: The type or namespace name 'Options' does not exist in the namespace 'Microsoft.Extensions' (are you missing an assembly reference?) [C:\Darwin_github\ArchitectAssignment\eClaims.Infrastructure\eClaims.Infrastructure.csproj]
C:\Darwin_github\ArchitectAssignment\eClaims.Infrastructure\Data\ClaimContext.cs(11,29): error CS0246: The type or namespace name 'IOptions<>' could not be found (are you missing a using directive or an assembly reference?) [C:\Darwin_github\ArchitectAssignment\eClaims.Infrastructure\eClaims.Infrastructure.csproj]
C:\Darwin_github\ArchitectAssignment\eClaims.Infrastructure\Repositories\Repository.cs(14,27): error CS0246: The type or namespace name 'IOptions<>' could not be found (are you missing a using directive or an assembly reference?) [C:\Darwin_github\ArchitectAssignment\eClaims.Infrastructure\eClaims.Infrastructure.csproj]
    0 Warning(s)
    4 Error(s)

Time Elapsed 00:00:04.02
